// Vitest Snapshot v1, https://vitest.dev/guide/snapshot.html

exports[`renders ExpAddMoreBtn 1`] = `
<button>
  Mock Add
</button>
`;
