// Vitest Snapshot v1, https://vitest.dev/guide/snapshot.html

exports[`renders EduAddMoreBtn 1`] = `
<button>
  Mock Add
</button>
`;
