// Vitest Snapshot v1, https://vitest.dev/guide/snapshot.html

exports[`renders Experience with single exp data 1`] = `
<form
  action=""
  data-testid="form"
  method="get"
>
  <label
    for="test"
  >
    Mock label
  </label>
  <input
    id="test"
    type="text"
  />
</form>
`;
