// Vitest Snapshot v1, https://vitest.dev/guide/snapshot.html

exports[`renders Email 1`] = `
<input
  id="email"
  type="text"
  value=""
/>
`;
