// Vitest Snapshot v1, https://vitest.dev/guide/snapshot.html

exports[`renders JobTitle 1`] = `
<input
  id="jobTitle"
  type="text"
  value=""
/>
`;
