// Vitest Snapshot v1, https://vitest.dev/guide/snapshot.html

exports[`renders Location 1`] = `
<div
  data-testid="input-wrapper"
>
  <label
    for="location"
  >
    Test label
  </label>
  <input
    id="location"
    type="text"
    value=""
  />
</div>
`;
