// Vitest Snapshot v1, https://vitest.dev/guide/snapshot.html

exports[`renders JobStartDate 1`] = `
<div
  data-testid="input-wrapper"
>
  <label
    for="jobStartDate"
  >
    Mock label
  </label>
  <input
    id="jobStartDate"
    type="text"
    value=""
  />
</div>
`;
